main.c:106:5:main	48	static
main.c:188:6:SystemClock_Config	152	static
main.c:248:13:MX_ADC1_Init	24	static
main.c:298:13:MX_CRC_Init	8	static
main.c:324:13:MX_DMA2D_Init	8	static
main.c:361:13:MX_DSIHOST_DSI_Init	176	static
main.c:470:13:MX_I2C1_Init	8	static
main.c:504:13:MX_LTDC_Init	112	static
main.c:586:13:MX_QUADSPI_Init	8	static
main.c:621:13:MX_UART5_Init	8	static
main.c:650:13:MX_FMC_Init	40	static
main.c:701:13:MX_GPIO_Init	64	static
main.c:784:16:QSPI_ResetMemory	72	static
main.c:824:16:QSPI_EnterMemory_QPI	96	static
main.c:873:16:QSPI_OutDrvStrengthCfg	88	static,ignoring_inline_asm
main.c:943:16:QSPI_WriteEnable	96	static
main.c:989:16:QSPI_AutoPollingMemReady	96	static
main.c:1024:16:BSP_QSPI_EnableMemoryMappedMode	80	static
main.c:1061:6:StartDefaultTask	16	static
main.c:1080:6:HAL_TIM_PeriodElapsedCallback	16	static
main.c:1097:6:Error_Handler	4	static
