main.c:107:5:main	48	static
main.c:189:6:SystemClock_Config	152	static
main.c:249:13:MX_ADC1_Init	24	static
main.c:299:13:MX_CRC_Init	8	static
main.c:325:13:MX_DMA2D_Init	8	static
main.c:362:13:MX_DSIHOST_DSI_Init	176	static
main.c:471:13:MX_I2C1_Init	8	static
main.c:505:13:MX_LTDC_Init	112	static
main.c:587:13:MX_QUADSPI_Init	8	static
main.c:622:13:MX_UART5_Init	8	static
main.c:651:13:MX_FMC_Init	40	static
main.c:702:13:MX_GPIO_Init	64	static
main.c:785:16:QSPI_WriteEnable	96	static
main.c:831:16:QSPI_WriteDisable	72	static
main.c:860:16:QSPI_ResetMemory	72	static
main.c:904:16:QSPI_EnterMemory_QPI	96	static
main.c:957:16:QSPI_OutDrvStrengthCfg	88	static,ignoring_inline_asm
main.c:1032:16:QSPI_AutoPollingMemReady	96	static
main.c:1067:16:BSP_QSPI_EnableMemoryMappedMode	80	static
main.c:1104:6:StartDefaultTask	16	static
main.c:1123:6:HAL_TIM_PeriodElapsedCallback	16	static
main.c:1140:6:Error_Handler	4	static
