stm32f4xx_hal_msp.c:64:6:HAL_MspInit	16	static
stm32f4xx_hal_msp.c:88:6:HAL_ADC_MspInit	48	static
stm32f4xx_hal_msp.c:121:6:HAL_ADC_MspDeInit	16	static
stm32f4xx_hal_msp.c:149:6:HAL_CRC_MspInit	24	static
stm32f4xx_hal_msp.c:171:6:HAL_CRC_MspDeInit	16	static
stm32f4xx_hal_msp.c:193:6:HAL_DMA2D_MspInit	24	static
stm32f4xx_hal_msp.c:218:6:HAL_DMA2D_MspDeInit	16	static
stm32f4xx_hal_msp.c:243:6:HAL_DSI_MspInit	48	static
stm32f4xx_hal_msp.c:281:6:HAL_DSI_MspDeInit	16	static
stm32f4xx_hal_msp.c:311:6:HAL_I2C_MspInit	48	static
stm32f4xx_hal_msp.c:350:6:HAL_I2C_MspDeInit	16	static
stm32f4xx_hal_msp.c:383:6:HAL_LTDC_MspInit	24	static
stm32f4xx_hal_msp.c:410:6:HAL_LTDC_MspDeInit	16	static
stm32f4xx_hal_msp.c:436:6:HAL_QSPI_MspInit	48	static
stm32f4xx_hal_msp.c:491:6:HAL_QSPI_MspDeInit	16	static
stm32f4xx_hal_msp.c:527:6:HAL_UART_MspInit	48	static
stm32f4xx_hal_msp.c:571:6:HAL_UART_MspDeInit	16	static
stm32f4xx_hal_msp.c:598:13:HAL_FMC_MspInit	32	static
stm32f4xx_hal_msp.c:697:6:HAL_SDRAM_MspInit	16	static
stm32f4xx_hal_msp.c:709:13:HAL_FMC_MspDeInit	8	static
stm32f4xx_hal_msp.c:781:6:HAL_SDRAM_MspDeInit	16	static
